<pre class="phiki github-dark" style="background-color: #24292e;color: #e1e4e8;"><code><span class="line"><span class="token">class A {}
</span></span></code></pre>
