<pre class="phiki language-php github-light" data-language="php" style="background-color: #fff;color: #24292e;"><code><span class="line highlight"><span class="token" style="color: #005cc5;">echo</span><span class="token"> </span><span class="token" style="color: #032f62;">&#039;</span><span class="token" style="color: #032f62;">Hello, world!</span><span class="token" style="color: #032f62;">&#039;</span><span class="token">;</span><span class="token"> 
</span></span></code></pre>
